// Jest Snapshot v1, https://goo.gl/fbAQLP

exports[`renders without crashing 1`] = `
<div>
  <div
    data-testid="demo-video"
    style="width: 640px; height: 360px;"
  />
</div>
`;
