// Jest Snapshot v1, https://goo.gl/fbAQLP

exports[`renders without crashing 1`] = `
<div>
  <img
    alt="warrior image"
    class="card"
    data-testid="card"
    src="undefined/resources/male_king_viking.jpg"
  />
</div>
`;
